MSBuild-Version 17.14.18+a338add32 für .NET Framework

  zlib.vcxproj -> C:\TrinityBots\TrinityCore\build\dep\zlib\Release\zlib.lib
  Detour.vcxproj -> C:\TrinityBots\TrinityCore\build\dep\recastnavigation\Detour\Release\Detour.lib
  argon2.vcxproj -> C:\TrinityBots\TrinityCore\build\dep\argon2\Release\argon2.lib
  fmt.vcxproj -> C:\TrinityBots\TrinityCore\build\dep\fmt\Release\fmt.lib
  g3dlib.vcxproj -> C:\TrinityBots\TrinityCore\build\dep\g3dlite\Release\g3dlib.lib
  openssl_ed25519.vcxproj -> C:\TrinityBots\TrinityCore\build\bin\Release\openssl_ed25519.dll
  sfmt.vcxproj -> C:\TrinityBots\TrinityCore\build\dep\SFMT\Release\sfmt.lib
  protobuf.vcxproj -> C:\TrinityBots\TrinityCore\build\dep\protobuf\Release\protobuf.lib
  common.vcxproj -> C:\TrinityBots\TrinityCore\build\src\common\Release\common.lib
  database.vcxproj -> C:\TrinityBots\TrinityCore\build\src\server\database\Release\database.lib
  network.vcxproj -> C:\TrinityBots\TrinityCore\build\src\common\network\Release\trinity_network.lib
  proto.vcxproj -> C:\TrinityBots\TrinityCore\build\src\server\proto\Release\proto.lib
  shared.vcxproj -> C:\TrinityBots\TrinityCore\build\src\server\shared\Release\shared.lib
  modules-common.vcxproj -> C:\TrinityBots\TrinityCore\build\src\server\modules\Common\Release\modules-common.lib
  MovementManager.cpp
  InteractionManager.cpp
  GossipHandler.cpp
  InteractionValidator.cpp
  QuestCompletion.cpp
  QuestTurnIn.cpp
C:\TrinityBots\TrinityCore\src\modules\Playerbot\Movement\Generators\ConcreteMovementGenerators.h(74,47): error C2039: "ARRIVAL_THRESHOLD" ist kein Member von "Playerbot::MovementConstants". [C:\TrinityBots\TrinityCore\build\src\server\modules\Playerbot\playerbot.vcxproj]
  (Quelldatei „../../../../../src/modules/Playerbot/Movement/Core/MovementManager.cpp“ wird kompiliert)
      C:\TrinityBots\TrinityCore\src\modules\Playerbot\Movement\Core\MovementTypes.h(324,15):
      Siehe Deklaration von "Playerbot::MovementConstants"
  
C:\TrinityBots\TrinityCore\src\modules\Playerbot\Movement\Generators\ConcreteMovementGenerators.h(74,47): error C2065: "ARRIVAL_THRESHOLD": nichtdeklarierter Bezeichner [C:\TrinityBots\TrinityCore\build\src\server\modules\Playerbot\playerbot.vcxproj]
  (Quelldatei „../../../../../src/modules/Playerbot/Movement/Core/MovementManager.cpp“ wird kompiliert)
  
C:\TrinityBots\TrinityCore\src\modules\Playerbot\Movement\Generators\ConcreteMovementGenerators.h(170,28): error C2653: "ObjectAccessor": Keine Klasse oder Namespace [C:\TrinityBots\TrinityCore\build\src\server\modules\Playerbot\playerbot.vcxproj]
  (Quelldatei „../../../../../src/modules/Playerbot/Movement/Core/MovementManager.cpp“ wird kompiliert)
  
C:\TrinityBots\TrinityCore\src\modules\Playerbot\Movement\Generators\ConcreteMovementGenerators.h(170,44): error C3861: "GetUnit": Bezeichner wurde nicht gefunden. [C:\TrinityBots\TrinityCore\build\src\server\modules\Playerbot\playerbot.vcxproj]
  (Quelldatei „../../../../../src/modules/Playerbot/Movement/Core/MovementManager.cpp“ wird kompiliert)
  
C:\TrinityBots\TrinityCore\src\modules\Playerbot\Movement\Generators\ConcreteMovementGenerators.h(270,28): error C2653: "ObjectAccessor": Keine Klasse oder Namespace [C:\TrinityBots\TrinityCore\build\src\server\modules\Playerbot\playerbot.vcxproj]
  (Quelldatei „../../../../../src/modules/Playerbot/Movement/Core/MovementManager.cpp“ wird kompiliert)
  
C:\TrinityBots\TrinityCore\src\modules\Playerbot\Movement\Generators\ConcreteMovementGenerators.h(270,44): error C3861: "GetUnit": Bezeichner wurde nicht gefunden. [C:\TrinityBots\TrinityCore\build\src\server\modules\Playerbot\playerbot.vcxproj]
  (Quelldatei „../../../../../src/modules/Playerbot/Movement/Core/MovementManager.cpp“ wird kompiliert)
  
C:\TrinityBots\TrinityCore\src\modules\Playerbot\Movement\Generators\ConcreteMovementGenerators.h(283,32): error C2039: "GetAngle" ist kein Member von "Player". [C:\TrinityBots\TrinityCore\build\src\server\modules\Playerbot\playerbot.vcxproj]
  (Quelldatei „../../../../../src/modules/Playerbot/Movement/Core/MovementManager.cpp“ wird kompiliert)
      C:\TrinityBots\TrinityCore\src\server\game\Entities\Player\Player.h(1171,19):
      Siehe Deklaration von "Player"
  
C:\TrinityBots\TrinityCore\src\modules\Playerbot\Movement\Generators\ConcreteMovementGenerators.h(285,18): error C2660: "WorldObject::GetNearPoint": Funktion akzeptiert keine 7 Argumente [C:\TrinityBots\TrinityCore\build\src\server\modules\Playerbot\playerbot.vcxproj]
  (Quelldatei „../../../../../src/modules/Playerbot/Movement/Core/MovementManager.cpp“ wird kompiliert)
      C:\TrinityBots\TrinityCore\src\server\game\Entities\Object\Object.h(653,14):
      Siehe Deklaration von "WorldObject::GetNearPoint"
      C:\TrinityBots\TrinityCore\src\modules\Playerbot\Movement\Generators\ConcreteMovementGenerators.h(285,18):
      bei Anpassung der Argumentliste "(Player *, float, float, float, float, float, float)"
  
C:\TrinityBots\TrinityCore\src\modules\Playerbot\Movement\Generators\ConcreteMovementGenerators.h(358,28): error C2653: "ObjectAccessor": Keine Klasse oder Namespace [C:\TrinityBots\TrinityCore\build\src\server\modules\Playerbot\playerbot.vcxproj]
  (Quelldatei „../../../../../src/modules/Playerbot/Movement/Core/MovementManager.cpp“ wird kompiliert)
  
C:\TrinityBots\TrinityCore\src\modules\Playerbot\Movement\Generators\ConcreteMovementGenerators.h(358,44): error C3861: "GetUnit": Bezeichner wurde nicht gefunden. [C:\TrinityBots\TrinityCore\build\src\server\modules\Playerbot\playerbot.vcxproj]
  (Quelldatei „../../../../../src/modules/Playerbot/Movement/Core/MovementManager.cpp“ wird kompiliert)
  
C:\TrinityBots\TrinityCore\src\modules\Playerbot\Movement\Generators\ConcreteMovementGenerators.h(528,28): error C2653: "ObjectAccessor": Keine Klasse oder Namespace [C:\TrinityBots\TrinityCore\build\src\server\modules\Playerbot\playerbot.vcxproj]
  (Quelldatei „../../../../../src/modules/Playerbot/Movement/Core/MovementManager.cpp“ wird kompiliert)
  
C:\TrinityBots\TrinityCore\src\modules\Playerbot\Movement\Generators\ConcreteMovementGenerators.h(528,44): error C3861: "GetUnit": Bezeichner wurde nicht gefunden. [C:\TrinityBots\TrinityCore\build\src\server\modules\Playerbot\playerbot.vcxproj]
  (Quelldatei „../../../../../src/modules/Playerbot/Movement/Core/MovementManager.cpp“ wird kompiliert)
  
C:\TrinityBots\TrinityCore\src\modules\Playerbot\Movement\Generators\ConcreteMovementGenerators.h(542,71): error C2039: "ARRIVAL_THRESHOLD" ist kein Member von "Playerbot::MovementConstants". [C:\TrinityBots\TrinityCore\build\src\server\modules\Playerbot\playerbot.vcxproj]
  (Quelldatei „../../../../../src/modules/Playerbot/Movement/Core/MovementManager.cpp“ wird kompiliert)
      C:\TrinityBots\TrinityCore\src\modules\Playerbot\Movement\Core\MovementTypes.h(324,15):
      Siehe Deklaration von "Playerbot::MovementConstants"
  
C:\TrinityBots\TrinityCore\src\modules\Playerbot\Movement\Generators\ConcreteMovementGenerators.h(542,71): error C2065: "ARRIVAL_THRESHOLD": nichtdeklarierter Bezeichner [C:\TrinityBots\TrinityCore\build\src\server\modules\Playerbot\playerbot.vcxproj]
  (Quelldatei „../../../../../src/modules/Playerbot/Movement/Core/MovementManager.cpp“ wird kompiliert)
  
C:\TrinityBots\TrinityCore\src\modules\Playerbot\Movement\Generators\ConcreteMovementGenerators.h(621,67): error C2039: "ARRIVAL_THRESHOLD" ist kein Member von "Playerbot::MovementConstants". [C:\TrinityBots\TrinityCore\build\src\server\modules\Playerbot\playerbot.vcxproj]
  (Quelldatei „../../../../../src/modules/Playerbot/Movement/Core/MovementManager.cpp“ wird kompiliert)
      C:\TrinityBots\TrinityCore\src\modules\Playerbot\Movement\Core\MovementTypes.h(324,15):
      Siehe Deklaration von "Playerbot::MovementConstants"
  
C:\TrinityBots\TrinityCore\src\modules\Playerbot\Movement\Generators\ConcreteMovementGenerators.h(621,67): error C2065: "ARRIVAL_THRESHOLD": nichtdeklarierter Bezeichner [C:\TrinityBots\TrinityCore\build\src\server\modules\Playerbot\playerbot.vcxproj]
  (Quelldatei „../../../../../src/modules/Playerbot/Movement/Core/MovementManager.cpp“ wird kompiliert)
  
C:\TrinityBots\TrinityCore\src\modules\Playerbot\Movement\Generators\ConcreteMovementGenerators.h(677,89): error C2838: "PRIORITY_IDLE": Unzulässiger qualifizierter Name in der Memberdeklaration. [C:\TrinityBots\TrinityCore\build\src\server\modules\Playerbot\playerbot.vcxproj]
  (Quelldatei „../../../../../src/modules/Playerbot/Movement/Core/MovementManager.cpp“ wird kompiliert)
  
C:\TrinityBots\TrinityCore\src\modules\Playerbot\Movement\Generators\ConcreteMovementGenerators.h(677,89): error C2065: "PRIORITY_IDLE": nichtdeklarierter Bezeichner [C:\TrinityBots\TrinityCore\build\src\server\modules\Playerbot\playerbot.vcxproj]
  (Quelldatei „../../../../../src/modules/Playerbot/Movement/Core/MovementManager.cpp“ wird kompiliert)
  
C:\TrinityBots\TrinityCore\src\modules\Playerbot\Interaction\Core\GossipHandler.cpp(248,104): warning C4100: „desiredType“: nicht referenzierter Parameter [C:\TrinityBots\TrinityCore\build\src\server\modules\Playerbot\playerbot.vcxproj]
C:\TrinityBots\TrinityCore\src\modules\Playerbot\Interaction\Core\GossipHandler.cpp(248,80): warning C4100: „packet“: nicht referenzierter Parameter [C:\TrinityBots\TrinityCore\build\src\server\modules\Playerbot\playerbot.vcxproj]
C:\TrinityBots\TrinityCore\src\modules\Playerbot\Interaction\Core\GossipHandler.cpp(277,36): error C2440: "Initialisierung": "GossipMenu" kann nicht in "const GossipMenu *" konvertiert werden [C:\TrinityBots\TrinityCore\build\src\server\modules\Playerbot\playerbot.vcxproj]
      C:\TrinityBots\TrinityCore\src\modules\Playerbot\Interaction\Core\GossipHandler.cpp(277,36):
      Kein benutzerdefinierter Konvertierungsoperator verfügbar, der diese Konvertierung durchführen kann, oder der Operator kann nicht aufgerufen werden
  
C:\TrinityBots\TrinityCore\src\modules\Playerbot\Interaction\Core\InteractionValidator.cpp(190,40): error C2027: Verwendung des undefinierten Typs "Bag" [C:\TrinityBots\TrinityCore\build\src\server\modules\Playerbot\playerbot.vcxproj]
      C:\TrinityBots\TrinityCore\src\server\game\Entities\Object\Updates\UpdateFields.h(36,7):
      Siehe Deklaration von "Bag"
  
C:\TrinityBots\TrinityCore\src\modules\Playerbot\Interaction\Core\InteractionValidator.cpp(192,26): error C2027: Verwendung des undefinierten Typs "Bag" [C:\TrinityBots\TrinityCore\build\src\server\modules\Playerbot\playerbot.vcxproj]
      C:\TrinityBots\TrinityCore\src\server\game\Entities\Object\Updates\UpdateFields.h(36,7):
      Siehe Deklaration von "Bag"
  
C:\TrinityBots\TrinityCore\src\modules\Playerbot\Interaction\Core\InteractionValidator.cpp(317,31): error C2039: "getClass" ist kein Member von "Player". [C:\TrinityBots\TrinityCore\build\src\server\modules\Playerbot\playerbot.vcxproj]
      C:\TrinityBots\TrinityCore\src\server\game\Entities\Player\Player.h(1171,19):
      Siehe Deklaration von "Player"
  
C:\TrinityBots\TrinityCore\src\modules\Playerbot\Interaction\Core\InteractionValidator.cpp(322,35): error C2039: "SubClass" ist kein Member von "ItemTemplate". [C:\TrinityBots\TrinityCore\build\src\server\modules\Playerbot\playerbot.vcxproj]
      C:\TrinityBots\TrinityCore\src\server\game\Entities\Item\ItemTemplate.h(823,20):
      Siehe Deklaration von "ItemTemplate"
  
C:\TrinityBots\TrinityCore\src\modules\Playerbot\Interaction\Core\InteractionValidator.cpp(322,47): error C2065: "ITEM_SUBCLASS_FOOD": nichtdeklarierter Bezeichner [C:\TrinityBots\TrinityCore\build\src\server\modules\Playerbot\playerbot.vcxproj]
C:\TrinityBots\TrinityCore\src\modules\Playerbot\Interaction\Core\InteractionValidator.cpp(323,35): error C2039: "SubClass" ist kein Member von "ItemTemplate". [C:\TrinityBots\TrinityCore\build\src\server\modules\Playerbot\playerbot.vcxproj]
      C:\TrinityBots\TrinityCore\src\server\game\Entities\Item\ItemTemplate.h(823,20):
      Siehe Deklaration von "ItemTemplate"
  
C:\TrinityBots\TrinityCore\src\modules\Playerbot\Interaction\Core\InteractionValidator.cpp(328,40): error C2039: "SubClass" ist kein Member von "ItemTemplate". [C:\TrinityBots\TrinityCore\build\src\server\modules\Playerbot\playerbot.vcxproj]
      C:\TrinityBots\TrinityCore\src\server\game\Entities\Item\ItemTemplate.h(823,20):
      Siehe Deklaration von "ItemTemplate"
  
C:\TrinityBots\TrinityCore\src\modules\Playerbot\Interaction\Core\InteractionValidator.cpp(329,40): error C2039: "SubClass" ist kein Member von "ItemTemplate". [C:\TrinityBots\TrinityCore\build\src\server\modules\Playerbot\playerbot.vcxproj]
      C:\TrinityBots\TrinityCore\src\server\game\Entities\Item\ItemTemplate.h(823,20):
      Siehe Deklaration von "ItemTemplate"
  
C:\TrinityBots\TrinityCore\src\modules\Playerbot\Interaction\Core\InteractionValidator.cpp(330,40): error C2039: "SubClass" ist kein Member von "ItemTemplate". [C:\TrinityBots\TrinityCore\build\src\server\modules\Playerbot\playerbot.vcxproj]
      C:\TrinityBots\TrinityCore\src\server\game\Entities\Item\ItemTemplate.h(823,20):
      Siehe Deklaration von "ItemTemplate"
  
C:\TrinityBots\TrinityCore\src\modules\Playerbot\Interaction\Core\InteractionValidator.cpp(335,40): error C2039: "SubClass" ist kein Member von "ItemTemplate". [C:\TrinityBots\TrinityCore\build\src\server\modules\Playerbot\playerbot.vcxproj]
      C:\TrinityBots\TrinityCore\src\server\game\Entities\Item\ItemTemplate.h(823,20):
      Siehe Deklaration von "ItemTemplate"
  
C:\TrinityBots\TrinityCore\src\modules\Playerbot\Interaction\Core\InteractionValidator.cpp(353,35): error C2039: "SubClass" ist kein Member von "ItemTemplate". [C:\TrinityBots\TrinityCore\build\src\server\modules\Playerbot\playerbot.vcxproj]
      C:\TrinityBots\TrinityCore\src\server\game\Entities\Item\ItemTemplate.h(823,20):
      Siehe Deklaration von "ItemTemplate"
  
C:\TrinityBots\TrinityCore\src\modules\Playerbot\Interaction\Core\InteractionValidator.cpp(354,35): error C2039: "SubClass" ist kein Member von "ItemTemplate". [C:\TrinityBots\TrinityCore\build\src\server\modules\Playerbot\playerbot.vcxproj]
      C:\TrinityBots\TrinityCore\src\server\game\Entities\Item\ItemTemplate.h(823,20):
      Siehe Deklaration von "ItemTemplate"
  
C:\TrinityBots\TrinityCore\src\modules\Playerbot\Interaction\Core\InteractionValidator.cpp(363,35): error C2039: "InventoryType" ist kein Member von "ItemTemplate". [C:\TrinityBots\TrinityCore\build\src\server\modules\Playerbot\playerbot.vcxproj]
      C:\TrinityBots\TrinityCore\src\server\game\Entities\Item\ItemTemplate.h(823,20):
      Siehe Deklaration von "ItemTemplate"
  
C:\TrinityBots\TrinityCore\src\modules\Playerbot\Interaction\Core\InteractionValidator.cpp(366,97): error C2039: "InventoryType" ist kein Member von "ItemTemplate". [C:\TrinityBots\TrinityCore\build\src\server\modules\Playerbot\playerbot.vcxproj]
      C:\TrinityBots\TrinityCore\src\server\game\Entities\Item\ItemTemplate.h(823,20):
      Siehe Deklaration von "ItemTemplate"
  
C:\TrinityBots\TrinityCore\src\modules\Playerbot\Interaction\Core\InteractionValidator.cpp(367,69): error C2039: "ItemLevel" ist kein Member von "ItemTemplate". [C:\TrinityBots\TrinityCore\build\src\server\modules\Playerbot\playerbot.vcxproj]
      C:\TrinityBots\TrinityCore\src\server\game\Entities\Item\ItemTemplate.h(823,20):
      Siehe Deklaration von "ItemTemplate"
  
C:\TrinityBots\TrinityCore\src\modules\Playerbot\Interaction\Core\InteractionValidator.cpp(367,95): error C2039: "ItemLevel" ist kein Member von "ItemTemplate". [C:\TrinityBots\TrinityCore\build\src\server\modules\Playerbot\playerbot.vcxproj]
      C:\TrinityBots\TrinityCore\src\server\game\Entities\Item\ItemTemplate.h(823,20):
      Siehe Deklaration von "ItemTemplate"
  
C:\TrinityBots\TrinityCore\src\modules\Playerbot\Interaction\Core\InteractionValidator.cpp(402,27): error C2039: "StartQuest" ist kein Member von "ItemTemplate". [C:\TrinityBots\TrinityCore\build\src\server\modules\Playerbot\playerbot.vcxproj]
      C:\TrinityBots\TrinityCore\src\server\game\Entities\Item\ItemTemplate.h(823,20):
      Siehe Deklaration von "ItemTemplate"
  
C:\TrinityBots\TrinityCore\src\modules\Playerbot\Interaction\Core\InteractionValidator.cpp(410,27): error C2039: "SellPrice" ist kein Member von "ItemTemplate". [C:\TrinityBots\TrinityCore\build\src\server\modules\Playerbot\playerbot.vcxproj]
      C:\TrinityBots\TrinityCore\src\server\game\Entities\Item\ItemTemplate.h(823,20):
      Siehe Deklaration von "ItemTemplate"
  
C:\TrinityBots\TrinityCore\src\modules\Playerbot\Interaction\Core\InteractionValidator.cpp(438,42): error C2039: "GetUInt32Value" ist kein Member von "Item". [C:\TrinityBots\TrinityCore\build\src\server\modules\Playerbot\playerbot.vcxproj]
      C:\TrinityBots\TrinityCore\src\server\game\Entities\Item\Item.h(162,19):
      Siehe Deklaration von "Item"
  
C:\TrinityBots\TrinityCore\src\modules\Playerbot\Interaction\Core\InteractionValidator.cpp(438,57): error C2065: "ITEM_FIELD_MAXDURABILITY": nichtdeklarierter Bezeichner [C:\TrinityBots\TrinityCore\build\src\server\modules\Playerbot\playerbot.vcxproj]
C:\TrinityBots\TrinityCore\src\modules\Playerbot\Interaction\Core\InteractionValidator.cpp(442,42): error C2039: "GetUInt32Value" ist kein Member von "Item". [C:\TrinityBots\TrinityCore\build\src\server\modules\Playerbot\playerbot.vcxproj]
      C:\TrinityBots\TrinityCore\src\server\game\Entities\Item\Item.h(162,19):
      Siehe Deklaration von "Item"
  
C:\TrinityBots\TrinityCore\src\modules\Playerbot\Interaction\Core\InteractionValidator.cpp(442,57): error C2065: "ITEM_FIELD_DURABILITY": nichtdeklarierter Bezeichner [C:\TrinityBots\TrinityCore\build\src\server\modules\Playerbot\playerbot.vcxproj]
C:\TrinityBots\TrinityCore\src\modules\Playerbot\Interaction\Core\InteractionValidator.cpp(465,9): error C2065: "TrainerSpellData": nichtdeklarierter Bezeichner [C:\TrinityBots\TrinityCore\build\src\server\modules\Playerbot\playerbot.vcxproj]
C:\TrinityBots\TrinityCore\src\modules\Playerbot\Interaction\Core\InteractionValidator.cpp(465,26): error C2143: Syntaxfehler: Es fehlt ";" vor "const" [C:\TrinityBots\TrinityCore\build\src\server\modules\Playerbot\playerbot.vcxproj]
C:\TrinityBots\TrinityCore\src\modules\Playerbot\Interaction\Core\InteractionValidator.cpp(465,26): error C4430: Fehlender Typspezifizierer - int wird angenommen. Hinweis: "default-int" wird von C++ nicht unterstützt. [C:\TrinityBots\TrinityCore\build\src\server\modules\Playerbot\playerbot.vcxproj]
C:\TrinityBots\TrinityCore\src\modules\Playerbot\Interaction\Core\InteractionValidator.cpp(465,58): error C2039: "GetTrainerSpells" ist kein Member von "Creature". [C:\TrinityBots\TrinityCore\build\src\server\modules\Playerbot\playerbot.vcxproj]
      C:\TrinityBots\TrinityCore\src\server\game\Entities\Creature\Creature.h(81,19):
      Siehe Deklaration von "Creature"
  
C:\TrinityBots\TrinityCore\src\modules\Playerbot\Interaction\Core\InteractionValidator.cpp(471,26): error C2530: "spell": Verweise müssen initialisiert werden [C:\TrinityBots\TrinityCore\build\src\server\modules\Playerbot\playerbot.vcxproj]
C:\TrinityBots\TrinityCore\src\modules\Playerbot\Interaction\Core\InteractionValidator.cpp(471,26): error C3531: "spell": Ein Symbol, dessen Typ "auto" enthält, muss einen Initialisierer aufweisen. [C:\TrinityBots\TrinityCore\build\src\server\modules\Playerbot\playerbot.vcxproj]
C:\TrinityBots\TrinityCore\src\modules\Playerbot\Interaction\Core\InteractionValidator.cpp(471,32): error C2143: Syntaxfehler: Es fehlt ";" vor ":" [C:\TrinityBots\TrinityCore\build\src\server\modules\Playerbot\playerbot.vcxproj]
C:\TrinityBots\TrinityCore\src\modules\Playerbot\Interaction\Core\InteractionValidator.cpp(471,58): error C2143: Syntaxfehler: Es fehlt ";" vor ")" [C:\TrinityBots\TrinityCore\build\src\server\modules\Playerbot\playerbot.vcxproj]
C:\TrinityBots\TrinityCore\src\modules\Playerbot\Interaction\Core\InteractionValidator.cpp(473,17): error C2660: "Playerbot::InteractionValidator::CanLearnSpell": Funktion akzeptiert keine 1 Argumente [C:\TrinityBots\TrinityCore\build\src\server\modules\Playerbot\playerbot.vcxproj]
      C:\TrinityBots\TrinityCore\src\modules\Playerbot\Interaction\Core\InteractionValidator.h(216,14):
      Siehe Deklaration von "Playerbot::InteractionValidator::CanLearnSpell"
      C:\TrinityBots\TrinityCore\src\modules\Playerbot\Interaction\Core\InteractionValidator.cpp(473,17):
      bei Anpassung der Argumentliste "(Player *)"
  
C:\TrinityBots\TrinityCore\src\modules\Playerbot\Interaction\Core\InteractionValidator.cpp(489,48): error C2039: "GetSpellFamilyNameByClass" ist kein Member von "Player". [C:\TrinityBots\TrinityCore\build\src\server\modules\Playerbot\playerbot.vcxproj]
      C:\TrinityBots\TrinityCore\src\server\game\Entities\Player\Player.h(1171,19):
      Siehe Deklaration von "Player"
  
C:\TrinityBots\TrinityCore\src\modules\Playerbot\Interaction\Core\InteractionValidator.cpp(493,34): error C2065: "SPELL_EFFECT_SUMMON_MOUNT": nichtdeklarierter Bezeichner [C:\TrinityBots\TrinityCore\build\src\server\modules\Playerbot\playerbot.vcxproj]
C:\TrinityBots\TrinityCore\src\modules\Playerbot\Interaction\Core\InteractionValidator.cpp(511,51): error C2660: "SpellMgr::GetSpellInfo": Funktion akzeptiert keine 1 Argumente [C:\TrinityBots\TrinityCore\build\src\server\modules\Playerbot\playerbot.vcxproj]
      C:\TrinityBots\TrinityCore\src\server\game\Spells\SpellMgr.h(733,26):
      Siehe Deklaration von "SpellMgr::GetSpellInfo"
      C:\TrinityBots\TrinityCore\src\modules\Playerbot\Interaction\Core\InteractionValidator.cpp(511,51):
      bei Anpassung der Argumentliste "(uint32)"
  
C:\TrinityBots\TrinityCore\src\modules\Playerbot\Interaction\Core\InteractionValidator.cpp(525,48): error C2039: "GetSpellFamilyNameByClass" ist kein Member von "Player". [C:\TrinityBots\TrinityCore\build\src\server\modules\Playerbot\playerbot.vcxproj]
      C:\TrinityBots\TrinityCore\src\server\game\Entities\Player\Player.h(1171,19):
      Siehe Deklaration von "Player"
  
C:\TrinityBots\TrinityCore\src\modules\Playerbot\Interaction\Core\InteractionValidator.cpp(617,29): error C2664: "bool Playerbot::InteractionRequirement::CheckRequirements(Playerbot::Player *) const" : Konvertierung von Argument 1 von "Player *" in "Playerbot::Player *" nicht möglich [C:\TrinityBots\TrinityCore\build\src\server\modules\Playerbot\playerbot.vcxproj]
      C:\TrinityBots\TrinityCore\src\modules\Playerbot\Interaction\Core\InteractionValidator.cpp(617,47):
      Die Typen, auf die verwiesen wird, sind unabhängig; die Konvertierung erfordert eine reinterpret_cast-Umwandlung, eine C-Stil-Umwandlung oder eine in Klammern gesetzte Umwandlung im Funktionsstil.
      C:\TrinityBots\TrinityCore\src\modules\Playerbot\Interaction\Core\InteractionTypes.h(431,14):
      Siehe Deklaration von "Playerbot::InteractionRequirement::CheckRequirements"
      C:\TrinityBots\TrinityCore\src\modules\Playerbot\Interaction\Core\InteractionValidator.cpp(617,29):
      bei Anpassung der Argumentliste "(Player *)"
  
C:\TrinityBots\TrinityCore\src\modules\Playerbot\AI\Strategy\Strategy.h(65,34): warning C4100: „ai“: nicht referenzierter Parameter [C:\TrinityBots\TrinityCore\build\src\server\modules\Playerbot\playerbot.vcxproj]
  (Quelldatei „../../../../../src/modules/Playerbot/Quest/QuestCompletion.cpp“ wird kompiliert)
  
C:\TrinityBots\TrinityCore\src\modules\Playerbot\AI\Strategy\Strategy.h(86,36): warning C4100: „ai“: nicht referenzierter Parameter [C:\TrinityBots\TrinityCore\build\src\server\modules\Playerbot\playerbot.vcxproj]
  (Quelldatei „../../../../../src/modules/Playerbot/Quest/QuestCompletion.cpp“ wird kompiliert)
  
C:\TrinityBots\TrinityCore\src\modules\Playerbot\AI\Strategy\Strategy.h(87,38): warning C4100: „ai“: nicht referenzierter Parameter [C:\TrinityBots\TrinityCore\build\src\server\modules\Playerbot\playerbot.vcxproj]
  (Quelldatei „../../../../../src/modules/Playerbot/Quest/QuestCompletion.cpp“ wird kompiliert)
  
C:\TrinityBots\TrinityCore\src\modules\Playerbot\AI\Strategy\Strategy.h(93,51): warning C4100: „diff“: nicht referenzierter Parameter [C:\TrinityBots\TrinityCore\build\src\server\modules\Playerbot\playerbot.vcxproj]
  (Quelldatei „../../../../../src/modules/Playerbot/Quest/QuestCompletion.cpp“ wird kompiliert)
  
C:\TrinityBots\TrinityCore\src\modules\Playerbot\AI\Strategy\Strategy.h(93,40): warning C4100: „ai“: nicht referenzierter Parameter [C:\TrinityBots\TrinityCore\build\src\server\modules\Playerbot\playerbot.vcxproj]
  (Quelldatei „../../../../../src/modules/Playerbot/Quest/QuestCompletion.cpp“ wird kompiliert)
  
C:\TrinityBots\TrinityCore\src\modules\Playerbot\AI\Actions\Action.h(80,34): warning C4100: „ai“: nicht referenzierter Parameter [C:\TrinityBots\TrinityCore\build\src\server\modules\Playerbot\playerbot.vcxproj]
  (Quelldatei „../../../../../src/modules/Playerbot/Quest/QuestTurnIn.cpp“ wird kompiliert)
  
C:\TrinityBots\TrinityCore\src\modules\Playerbot\AI\Actions\Action.h(102,29): warning C4100: „cooldownMs“: nicht referenzierter Parameter [C:\TrinityBots\TrinityCore\build\src\server\modules\Playerbot\playerbot.vcxproj]
  (Quelldatei „../../../../../src/modules/Playerbot/Quest/QuestTurnIn.cpp“ wird kompiliert)
  
C:\TrinityBots\TrinityCore\src\modules\Playerbot\AI\Actions\Action.h(163,36): warning C4100: „ai“: nicht referenzierter Parameter [C:\TrinityBots\TrinityCore\build\src\server\modules\Playerbot\playerbot.vcxproj]
  (Quelldatei „../../../../../src/modules/Playerbot/Quest/QuestTurnIn.cpp“ wird kompiliert)
  
C:\TrinityBots\TrinityCore\src\modules\Playerbot\AI\Triggers\Trigger.h(82,43): warning C4100: „ai“: nicht referenzierter Parameter [C:\TrinityBots\TrinityCore\build\src\server\modules\Playerbot\playerbot.vcxproj]
  (Quelldatei „../../../../../src/modules/Playerbot/Quest/QuestTurnIn.cpp“ wird kompiliert)
  
C:\TrinityBots\TrinityCore\src\modules\Playerbot\Interaction\Core\InteractionManager.cpp(36,45): error C2039: "m_instance" ist kein Member von "Playerbot::InteractionManager". [C:\TrinityBots\TrinityCore\build\src\server\modules\Playerbot\playerbot.vcxproj]
      C:\TrinityBots\TrinityCore\src\modules\Playerbot\Interaction\Core\InteractionManager.h(117,11):
      Siehe Deklaration von "Playerbot::InteractionManager"
  
C:\TrinityBots\TrinityCore\src\modules\Playerbot\Interaction\Core\InteractionManager.cpp(41,9): error C2065: "m_config": nichtdeklarierter Bezeichner [C:\TrinityBots\TrinityCore\build\src\server\modules\Playerbot\playerbot.vcxproj]
C:\TrinityBots\TrinityCore\src\modules\Playerbot\Interaction\Core\InteractionManager.cpp(42,9): error C2065: "m_config": nichtdeklarierter Bezeichner [C:\TrinityBots\TrinityCore\build\src\server\modules\Playerbot\playerbot.vcxproj]
C:\TrinityBots\TrinityCore\src\modules\Playerbot\Interaction\Core\InteractionManager.cpp(43,9): error C2065: "m_config": nichtdeklarierter Bezeichner [C:\TrinityBots\TrinityCore\build\src\server\modules\Playerbot\playerbot.vcxproj]
C:\TrinityBots\TrinityCore\src\modules\Playerbot\Interaction\Core\InteractionManager.cpp(44,9): error C2065: "m_config": nichtdeklarierter Bezeichner [C:\TrinityBots\TrinityCore\build\src\server\modules\Playerbot\playerbot.vcxproj]
C:\TrinityBots\TrinityCore\src\modules\Playerbot\Interaction\Core\InteractionManager.cpp(45,9): error C2065: "m_config": nichtdeklarierter Bezeichner [C:\TrinityBots\TrinityCore\build\src\server\modules\Playerbot\playerbot.vcxproj]
C:\TrinityBots\TrinityCore\src\modules\Playerbot\Interaction\Core\InteractionManager.cpp(46,9): error C2065: "m_config": nichtdeklarierter Bezeichner [C:\TrinityBots\TrinityCore\build\src\server\modules\Playerbot\playerbot.vcxproj]
C:\TrinityBots\TrinityCore\src\modules\Playerbot\Interaction\Core\InteractionManager.cpp(47,9): error C2065: "m_config": nichtdeklarierter Bezeichner [C:\TrinityBots\TrinityCore\build\src\server\modules\Playerbot\playerbot.vcxproj]
C:\TrinityBots\TrinityCore\src\modules\Playerbot\Interaction\Core\InteractionManager.cpp(48,9): error C2065: "m_config": nichtdeklarierter Bezeichner [C:\TrinityBots\TrinityCore\build\src\server\modules\Playerbot\playerbot.vcxproj]
C:\TrinityBots\TrinityCore\src\modules\Playerbot\Interaction\Core\InteractionManager.cpp(49,9): error C2065: "m_config": nichtdeklarierter Bezeichner [C:\TrinityBots\TrinityCore\build\src\server\modules\Playerbot\playerbot.vcxproj]
C:\TrinityBots\TrinityCore\src\modules\Playerbot\Interaction\Core\InteractionManager.cpp(50,9): error C2065: "m_config": nichtdeklarierter Bezeichner [C:\TrinityBots\TrinityCore\build\src\server\modules\Playerbot\playerbot.vcxproj]
C:\TrinityBots\TrinityCore\src\modules\Playerbot\Interaction\Core\InteractionManager.cpp(51,9): error C2065: "m_config": nichtdeklarierter Bezeichner [C:\TrinityBots\TrinityCore\build\src\server\modules\Playerbot\playerbot.vcxproj]
C:\TrinityBots\TrinityCore\src\modules\Playerbot\Interaction\Core\InteractionManager.cpp(52,9): error C2065: "m_config": nichtdeklarierter Bezeichner [C:\TrinityBots\TrinityCore\build\src\server\modules\Playerbot\playerbot.vcxproj]
C:\TrinityBots\TrinityCore\src\modules\Playerbot\Interaction\Core\InteractionManager.cpp(53,9): error C2065: "m_config": nichtdeklarierter Bezeichner [C:\TrinityBots\TrinityCore\build\src\server\modules\Playerbot\playerbot.vcxproj]
C:\TrinityBots\TrinityCore\src\modules\Playerbot\Interaction\Core\InteractionManager.cpp(54,9): error C2065: "m_config": nichtdeklarierter Bezeichner [C:\TrinityBots\TrinityCore\build\src\server\modules\Playerbot\playerbot.vcxproj]
C:\TrinityBots\TrinityCore\src\modules\Playerbot\Interaction\Core\InteractionManager.cpp(55,9): error C2065: "m_config": nichtdeklarierter Bezeichner [C:\TrinityBots\TrinityCore\build\src\server\modules\Playerbot\playerbot.vcxproj]
C:\TrinityBots\TrinityCore\src\modules\Playerbot\Interaction\Core\InteractionManager.cpp(56,9): error C2065: "m_config": nichtdeklarierter Bezeichner [C:\TrinityBots\TrinityCore\build\src\server\modules\Playerbot\playerbot.vcxproj]
C:\TrinityBots\TrinityCore\src\modules\Playerbot\Interaction\Core\InteractionManager.cpp(57,9): error C2065: "m_config": nichtdeklarierter Bezeichner [C:\TrinityBots\TrinityCore\build\src\server\modules\Playerbot\playerbot.vcxproj]
C:\TrinityBots\TrinityCore\src\modules\Playerbot\Interaction\Core\InteractionManager.cpp(58,9): error C2065: "m_config": nichtdeklarierter Bezeichner [C:\TrinityBots\TrinityCore\build\src\server\modules\Playerbot\playerbot.vcxproj]
C:\TrinityBots\TrinityCore\src\modules\Playerbot\Interaction\Core\InteractionManager.cpp(59,9): error C2065: "m_config": nichtdeklarierter Bezeichner [C:\TrinityBots\TrinityCore\build\src\server\modules\Playerbot\playerbot.vcxproj]
C:\TrinityBots\TrinityCore\src\modules\Playerbot\Interaction\Core\InteractionManager.cpp(61,9): error C2065: "m_lastCacheClean": nichtdeklarierter Bezeichner [C:\TrinityBots\TrinityCore\build\src\server\modules\Playerbot\playerbot.vcxproj]
C:\TrinityBots\TrinityCore\src\modules\Playerbot\Interaction\Core\InteractionManager.cpp(79,30): error C2556: "void Playerbot::InteractionManager::Initialize(void)": Überladene Funktion unterscheidet sich nur hinsichtlich des Rückgabetyps von "bool Playerbot::InteractionManager::Initialize(void)" [C:\TrinityBots\TrinityCore\build\src\server\modules\Playerbot\playerbot.vcxproj]
      C:\TrinityBots\TrinityCore\src\modules\Playerbot\Interaction\Core\InteractionManager.h(126,14):
      Siehe Deklaration von "Playerbot::InteractionManager::Initialize"
  
C:\TrinityBots\TrinityCore\src\modules\Playerbot\Interaction\Core\InteractionManager.cpp(79,30): error C2371: "Playerbot::InteractionManager::Initialize": Neudefinition; unterschiedliche Basistypen [C:\TrinityBots\TrinityCore\build\src\server\modules\Playerbot\playerbot.vcxproj]
      C:\TrinityBots\TrinityCore\src\modules\Playerbot\Interaction\Core\InteractionManager.h(126,14):
      Siehe Deklaration von "Playerbot::InteractionManager::Initialize"
  
C:\TrinityBots\TrinityCore\src\modules\Playerbot\Interaction\Core\InteractionManager.cpp(83,13): error C2065: "m_initialized": nichtdeklarierter Bezeichner [C:\TrinityBots\TrinityCore\build\src\server\modules\Playerbot\playerbot.vcxproj]
C:\TrinityBots\TrinityCore\src\modules\Playerbot\Interaction\Core\InteractionManager.cpp(86,9): error C3861: "LOG_INFO": Bezeichner wurde nicht gefunden. [C:\TrinityBots\TrinityCore\build\src\server\modules\Playerbot\playerbot.vcxproj]
C:\TrinityBots\TrinityCore\src\modules\Playerbot\Interaction\Core\InteractionManager.cpp(88,9): error C3861: "InitializeHandlers": Bezeichner wurde nicht gefunden. [C:\TrinityBots\TrinityCore\build\src\server\modules\Playerbot\playerbot.vcxproj]
C:\TrinityBots\TrinityCore\src\modules\Playerbot\Interaction\Core\InteractionManager.cpp(93,13): error C2065: "m_metrics": nichtdeklarierter Bezeichner [C:\TrinityBots\TrinityCore\build\src\server\modules\Playerbot\playerbot.vcxproj]
C:\TrinityBots\TrinityCore\src\modules\Playerbot\Interaction\Core\InteractionManager.cpp(96,9): error C2065: "m_initialized": nichtdeklarierter Bezeichner [C:\TrinityBots\TrinityCore\build\src\server\modules\Playerbot\playerbot.vcxproj]
C:\TrinityBots\TrinityCore\src\modules\Playerbot\Interaction\Core\InteractionManager.cpp(97,9): error C3861: "LOG_INFO": Bezeichner wurde nicht gefunden. [C:\TrinityBots\TrinityCore\build\src\server\modules\Playerbot\playerbot.vcxproj]
C:\TrinityBots\TrinityCore\src\modules\Playerbot\Interaction\Core\InteractionManager.cpp(83,9): warning C4390: ";": Leere kontrollierte Anweisung aufgetreten; ist dies beabsichtigt? [C:\TrinityBots\TrinityCore\build\src\server\modules\Playerbot\playerbot.vcxproj]
C:\TrinityBots\TrinityCore\src\modules\Playerbot\Interaction\Core\InteractionManager.cpp(100,30): error C2039: "InitializeHandlers" ist kein Member von "Playerbot::InteractionManager". [C:\TrinityBots\TrinityCore\build\src\server\modules\Playerbot\playerbot.vcxproj]
      C:\TrinityBots\TrinityCore\src\modules\Playerbot\Interaction\Core\InteractionManager.h(117,11):
      Siehe Deklaration von "Playerbot::InteractionManager"
  
C:\TrinityBots\TrinityCore\src\modules\Playerbot\Interaction\Core\InteractionManager.cpp(102,9): error C2065: "m_gossipHandler": nichtdeklarierter Bezeichner [C:\TrinityBots\TrinityCore\build\src\server\modules\Playerbot\playerbot.vcxproj]
C:\TrinityBots\TrinityCore\src\modules\Playerbot\Interaction\Core\InteractionManager.cpp(103,9): error C2065: "m_validator": nichtdeklarierter Bezeichner [C:\TrinityBots\TrinityCore\build\src\server\modules\Playerbot\playerbot.vcxproj]
C:\TrinityBots\TrinityCore\src\modules\Playerbot\Interaction\Core\InteractionManager.cpp(104,9): error C2065: "m_vendorHandler": nichtdeklarierter Bezeichner [C:\TrinityBots\TrinityCore\build\src\server\modules\Playerbot\playerbot.vcxproj]
C:\TrinityBots\TrinityCore\src\modules\Playerbot\Interaction\Core\InteractionManager.cpp(116,14): error C2065: "m_initialized": nichtdeklarierter Bezeichner [C:\TrinityBots\TrinityCore\build\src\server\modules\Playerbot\playerbot.vcxproj]
C:\TrinityBots\TrinityCore\src\modules\Playerbot\Interaction\Core\InteractionManager.cpp(119,9): error C3861: "LOG_INFO": Bezeichner wurde nicht gefunden. [C:\TrinityBots\TrinityCore\build\src\server\modules\Playerbot\playerbot.vcxproj]
C:\TrinityBots\TrinityCore\src\modules\Playerbot\Interaction\Core\InteractionManager.cpp(122,38): error C3312: Für den Typ „std::atomic<unsigned int>“ wurde keine aufrufbare Funktion „begin“ gefunden. [C:\TrinityBots\TrinityCore\build\src\server\modules\Playerbot\playerbot.vcxproj]
C:\TrinityBots\TrinityCore\src\modules\Playerbot\Interaction\Core\InteractionManager.cpp(122,38): error C3312: Für den Typ „std::atomic<unsigned int>“ wurde keine aufrufbare Funktion „end“ gefunden. [C:\TrinityBots\TrinityCore\build\src\server\modules\Playerbot\playerbot.vcxproj]
C:\TrinityBots\TrinityCore\src\modules\Playerbot\Interaction\Core\InteractionManager.cpp(122,36): error C2059: Syntaxfehler: ":" [C:\TrinityBots\TrinityCore\build\src\server\modules\Playerbot\playerbot.vcxproj]
C:\TrinityBots\TrinityCore\src\modules\Playerbot\Interaction\Core\InteractionManager.cpp(123,9): error C2143: Syntaxfehler: Es fehlt ";" vor "{" [C:\TrinityBots\TrinityCore\build\src\server\modules\Playerbot\playerbot.vcxproj]
C:\TrinityBots\TrinityCore\src\modules\Playerbot\Interaction\Core\InteractionManager.cpp(124,13): error C2065: "context": nichtdeklarierter Bezeichner [C:\TrinityBots\TrinityCore\build\src\server\modules\Playerbot\playerbot.vcxproj]
C:\TrinityBots\TrinityCore\src\modules\Playerbot\Interaction\Core\InteractionManager.cpp(126,30): error C2039: "clear" ist kein Member von "std::atomic<unsigned int>". [C:\TrinityBots\TrinityCore\build\src\server\modules\Playerbot\playerbot.vcxproj]
      C:\Program Files\Microsoft Visual Studio\2022\Enterprise\VC\Tools\MSVC\14.44.35207\include\atomic(2131,8):
      Siehe Deklaration von "std::atomic<unsigned int>"
  
C:\TrinityBots\TrinityCore\src\modules\Playerbot\Interaction\Core\InteractionManager.cpp(129,17): error C2065: "m_interactionQueue": nichtdeklarierter Bezeichner [C:\TrinityBots\TrinityCore\build\src\server\modules\Playerbot\playerbot.vcxproj]
C:\TrinityBots\TrinityCore\src\modules\Playerbot\Interaction\Core\InteractionManager.cpp(130,13): error C2065: "m_interactionQueue": nichtdeklarierter Bezeichner [C:\TrinityBots\TrinityCore\build\src\server\modules\Playerbot\playerbot.vcxproj]
C:\TrinityBots\TrinityCore\src\modules\Playerbot\Interaction\Core\InteractionManager.cpp(132,9): error C3861: "CleanupHandlers": Bezeichner wurde nicht gefunden. [C:\TrinityBots\TrinityCore\build\src\server\modules\Playerbot\playerbot.vcxproj]
C:\TrinityBots\TrinityCore\src\modules\Playerbot\Interaction\Core\InteractionManager.cpp(134,9): error C2065: "m_initialized": nichtdeklarierter Bezeichner [C:\TrinityBots\TrinityCore\build\src\server\modules\Playerbot\playerbot.vcxproj]
C:\TrinityBots\TrinityCore\src\modules\Playerbot\Interaction\Core\InteractionManager.cpp(135,9): error C3861: "LOG_INFO": Bezeichner wurde nicht gefunden. [C:\TrinityBots\TrinityCore\build\src\server\modules\Playerbot\playerbot.vcxproj]
C:\TrinityBots\TrinityCore\src\modules\Playerbot\Interaction\Core\InteractionManager.cpp(138,30): error C2039: "CleanupHandlers" ist kein Member von "Playerbot::InteractionManager". [C:\TrinityBots\TrinityCore\build\src\server\modules\Playerbot\playerbot.vcxproj]
      C:\TrinityBots\TrinityCore\src\modules\Playerbot\Interaction\Core\InteractionManager.h(117,11):
      Siehe Deklaration von "Playerbot::InteractionManager"
  
C:\TrinityBots\TrinityCore\src\modules\Playerbot\Interaction\Core\InteractionManager.cpp(140,9): error C2065: "m_gossipHandler": nichtdeklarierter Bezeichner [C:\TrinityBots\TrinityCore\build\src\server\modules\Playerbot\playerbot.vcxproj]
C:\TrinityBots\TrinityCore\src\modules\Playerbot\Interaction\Core\InteractionManager.cpp(141,9): error C2065: "m_validator": nichtdeklarierter Bezeichner [C:\TrinityBots\TrinityCore\build\src\server\modules\Playerbot\playerbot.vcxproj]
C:\TrinityBots\TrinityCore\src\modules\Playerbot\Interaction\Core\InteractionManager.cpp(142,9): error C2065: "m_vendorHandler": nichtdeklarierter Bezeichner [C:\TrinityBots\TrinityCore\build\src\server\modules\Playerbot\playerbot.vcxproj]
C:\TrinityBots\TrinityCore\src\modules\Playerbot\Interaction\Core\InteractionManager.cpp(150,30): error C2039: "Update" ist kein Member von "Playerbot::InteractionManager". [C:\TrinityBots\TrinityCore\build\src\server\modules\Playerbot\playerbot.vcxproj]
      C:\TrinityBots\TrinityCore\src\modules\Playerbot\Interaction\Core\InteractionManager.h(117,11):
      Siehe Deklaration von "Playerbot::InteractionManager"
  
C:\TrinityBots\TrinityCore\src\modules\Playerbot\Interaction\Core\InteractionManager.cpp(152,50): error C2065: "m_mutex": nichtdeklarierter Bezeichner [C:\TrinityBots\TrinityCore\build\src\server\modules\Playerbot\playerbot.vcxproj]
C:\TrinityBots\TrinityCore\src\modules\Playerbot\Interaction\Core\InteractionManager.cpp(154,14): error C2065: "m_initialized": nichtdeklarierter Bezeichner [C:\TrinityBots\TrinityCore\build\src\server\modules\Playerbot\playerbot.vcxproj]
C:\TrinityBots\TrinityCore\src\modules\Playerbot\Interaction\Core\InteractionManager.cpp(159,19): error C2065: "m_lastCacheClean": nichtdeklarierter Bezeichner [C:\TrinityBots\TrinityCore\build\src\server\modules\Playerbot\playerbot.vcxproj]
C:\TrinityBots\TrinityCore\src\modules\Playerbot\Interaction\Core\InteractionManager.cpp(161,13): error C2065: "m_npcTypeCache": nichtdeklarierter Bezeichner [C:\TrinityBots\TrinityCore\build\src\server\modules\Playerbot\playerbot.vcxproj]
C:\TrinityBots\TrinityCore\src\modules\Playerbot\Interaction\Core\InteractionManager.cpp(162,13): error C2065: "m_lastCacheClean": nichtdeklarierter Bezeichner [C:\TrinityBots\TrinityCore\build\src\server\modules\Playerbot\playerbot.vcxproj]
C:\TrinityBots\TrinityCore\src\modules\Playerbot\Interaction\Core\InteractionManager.cpp(166,17): error C2065: "m_interactionQueue": nichtdeklarierter Bezeichner [C:\TrinityBots\TrinityCore\build\src\server\modules\Playerbot\playerbot.vcxproj]
C:\TrinityBots\TrinityCore\src\modules\Playerbot\Interaction\Core\InteractionManager.cpp(167,16): error C2065: "m_activeInteractions": nichtdeklarierter Bezeichner [C:\TrinityBots\TrinityCore\build\src\server\modules\Playerbot\playerbot.vcxproj]
C:\TrinityBots\TrinityCore\src\modules\Playerbot\Interaction\Core\InteractionManager.cpp(167,46): error C2065: "m_config": nichtdeklarierter Bezeichner [C:\TrinityBots\TrinityCore\build\src\server\modules\Playerbot\playerbot.vcxproj]
C:\TrinityBots\TrinityCore\src\modules\Playerbot\Interaction\Core\InteractionManager.cpp(169,28): error C2065: "m_interactionQueue": nichtdeklarierter Bezeichner [C:\TrinityBots\TrinityCore\build\src\server\modules\Playerbot\playerbot.vcxproj]
C:\TrinityBots\TrinityCore\src\modules\Playerbot\Interaction\Core\InteractionManager.cpp(169,26): error C2530: "queued": Verweise müssen initialisiert werden [C:\TrinityBots\TrinityCore\build\src\server\modules\Playerbot\playerbot.vcxproj]
C:\TrinityBots\TrinityCore\src\modules\Playerbot\Interaction\Core\InteractionManager.cpp(172,29): error C2065: "m_lastInteractionTime": nichtdeklarierter Bezeichner [C:\TrinityBots\TrinityCore\build\src\server\modules\Playerbot\playerbot.vcxproj]
C:\TrinityBots\TrinityCore\src\modules\Playerbot\Interaction\Core\InteractionManager.cpp(172,56): error C3536: "queued": Kann nicht verwendet werden, bevor es initialisiert wurde. [C:\TrinityBots\TrinityCore\build\src\server\modules\Playerbot\playerbot.vcxproj]
C:\TrinityBots\TrinityCore\src\modules\Playerbot\Interaction\Core\InteractionManager.cpp(173,17): error C3536: "lastTime": Kann nicht verwendet werden, bevor es initialisiert wurde. [C:\TrinityBots\TrinityCore\build\src\server\modules\Playerbot\playerbot.vcxproj]
C:\TrinityBots\TrinityCore\src\modules\Playerbot\Interaction\Core\InteractionManager.cpp(173,29): error C2065: "m_lastInteractionTime": nichtdeklarierter Bezeichner [C:\TrinityBots\TrinityCore\build\src\server\modules\Playerbot\playerbot.vcxproj]
C:\TrinityBots\TrinityCore\src\modules\Playerbot\Interaction\Core\InteractionManager.cpp(176,21): error C3536: "timeSinceLast": Kann nicht verwendet werden, bevor es initialisiert wurde. [C:\TrinityBots\TrinityCore\build\src\server\modules\Playerbot\playerbot.vcxproj]
C:\TrinityBots\TrinityCore\src\modules\Playerbot\Interaction\Core\InteractionManager.cpp(176,63): error C2065: "MIN_INTERACTION_DELAY": nichtdeklarierter Bezeichner [C:\TrinityBots\TrinityCore\build\src\server\modules\Playerbot\playerbot.vcxproj]
C:\TrinityBots\TrinityCore\src\modules\Playerbot\Interaction\Core\InteractionManager.cpp(181,31): error C2653: "ObjectAccessor": Keine Klasse oder Namespace [C:\TrinityBots\TrinityCore\build\src\server\modules\Playerbot\playerbot.vcxproj]
C:\TrinityBots\TrinityCore\src\modules\Playerbot\Interaction\Core\InteractionManager.cpp(181,47): error C3861: "FindPlayer": Bezeichner wurde nicht gefunden. [C:\TrinityBots\TrinityCore\build\src\server\modules\Playerbot\playerbot.vcxproj]
C:\TrinityBots\TrinityCore\src\modules\Playerbot\Interaction\Core\InteractionManager.cpp(183,43): error C2653: "ObjectAccessor": Keine Klasse oder Namespace [C:\TrinityBots\TrinityCore\build\src\server\modules\Playerbot\playerbot.vcxproj]
C:\TrinityBots\TrinityCore\src\modules\Playerbot\Interaction\Core\InteractionManager.cpp(183,59): error C3861: "GetWorldObject": Bezeichner wurde nicht gefunden. [C:\TrinityBots\TrinityCore\build\src\server\modules\Playerbot\playerbot.vcxproj]
C:\TrinityBots\TrinityCore\src\modules\Playerbot\Interaction\Core\InteractionManager.cpp(185,21): error C3861: "StartInteraction": Bezeichner wurde nicht gefunden. [C:\TrinityBots\TrinityCore\build\src\server\modules\Playerbot\playerbot.vcxproj]
C:\TrinityBots\TrinityCore\src\modules\Playerbot\Interaction\Core\InteractionManager.cpp(189,13): error C2065: "m_interactionQueue": nichtdeklarierter Bezeichner [C:\TrinityBots\TrinityCore\build\src\server\modules\Playerbot\playerbot.vcxproj]
C:\TrinityBots\TrinityCore\src\modules\Playerbot\Interaction\Core\InteractionManager.cpp(194,38): error C2065: "m_activeInteractions": nichtdeklarierter Bezeichner [C:\TrinityBots\TrinityCore\build\src\server\modules\Playerbot\playerbot.vcxproj]
C:\TrinityBots\TrinityCore\src\modules\Playerbot\Interaction\Core\InteractionManager.cpp(194,36): error C2059: Syntaxfehler: ":" [C:\TrinityBots\TrinityCore\build\src\server\modules\Playerbot\playerbot.vcxproj]
C:\TrinityBots\TrinityCore\src\modules\Playerbot\Interaction\Core\InteractionManager.cpp(195,9): error C2143: Syntaxfehler: Es fehlt ";" vor "{" [C:\TrinityBots\TrinityCore\build\src\server\modules\Playerbot\playerbot.vcxproj]
C:\TrinityBots\TrinityCore\src\modules\Playerbot\Interaction\Core\InteractionManager.cpp(196,31): error C2653: "ObjectAccessor": Keine Klasse oder Namespace [C:\TrinityBots\TrinityCore\build\src\server\modules\Playerbot\playerbot.vcxproj]
C:\TrinityBots\TrinityCore\src\modules\Playerbot\Interaction\Core\InteractionManager.cpp(196,58): error C2065: "guid": nichtdeklarierter Bezeichner [C:\TrinityBots\TrinityCore\build\src\server\modules\Playerbot\playerbot.vcxproj]
C:\TrinityBots\TrinityCore\src\modules\Playerbot\Interaction\Core\InteractionManager.cpp(196,47): error C3861: "FindPlayer": Bezeichner wurde nicht gefunden. [C:\TrinityBots\TrinityCore\build\src\server\modules\Playerbot\playerbot.vcxproj]
C:\TrinityBots\TrinityCore\src\modules\Playerbot\Interaction\Core\InteractionManager.cpp(198,46): error C2065: "context": nichtdeklarierter Bezeichner [C:\TrinityBots\TrinityCore\build\src\server\modules\Playerbot\playerbot.vcxproj]
C:\TrinityBots\TrinityCore\src\modules\Playerbot\Interaction\Core\InteractionManager.cpp(198,22): error C3861: "UpdateInteraction": Bezeichner wurde nicht gefunden. [C:\TrinityBots\TrinityCore\build\src\server\modules\Playerbot\playerbot.vcxproj]
C:\TrinityBots\TrinityCore\src\modules\Playerbot\Interaction\Core\InteractionManager.cpp(200,40): error C2065: "guid": nichtdeklarierter Bezeichner [C:\TrinityBots\TrinityCore\build\src\server\modules\Playerbot\playerbot.vcxproj]
C:\TrinityBots\TrinityCore\src\modules\Playerbot\Interaction\Core\InteractionManager.cpp(205,36): error C2065: "guid": nichtdeklarierter Bezeichner [C:\TrinityBots\TrinityCore\build\src\server\modules\Playerbot\playerbot.vcxproj]
C:\TrinityBots\TrinityCore\src\modules\Playerbot\Interaction\Core\InteractionManager.cpp(212,13): error C2065: "m_activeInteractions": nichtdeklarierter Bezeichner [C:\TrinityBots\TrinityCore\build\src\server\modules\Playerbot\playerbot.vcxproj]
C:\TrinityBots\TrinityCore\src\modules\Playerbot\Interaction\Core\InteractionManager.cpp(216,43): error C2039: "StartInteraction" ist kein Member von "Playerbot::InteractionManager". [C:\TrinityBots\TrinityCore\build\src\server\modules\Playerbot\playerbot.vcxproj]
      C:\TrinityBots\TrinityCore\src\modules\Playerbot\Interaction\Core\InteractionManager.h(117,11):
      Siehe Deklaration von "Playerbot::InteractionManager"
  
C:\TrinityBots\TrinityCore\src\modules\Playerbot\Interaction\Core\InteractionManager.cpp(222,50): error C2065: "m_mutex": nichtdeklarierter Bezeichner [C:\TrinityBots\TrinityCore\build\src\server\modules\Playerbot\playerbot.vcxproj]
C:\TrinityBots\TrinityCore\src\modules\Playerbot\Interaction\Core\InteractionManager.cpp(225,13): error C3861: "HasActiveInteraction": Bezeichner wurde nicht gefunden. [C:\TrinityBots\TrinityCore\build\src\server\modules\Playerbot\playerbot.vcxproj]
C:\TrinityBots\TrinityCore\src\modules\Playerbot\Interaction\Core\InteractionManager.cpp(229,13): error C2027: Verwendung des undefinierten Typs "Playerbot::Player" [C:\TrinityBots\TrinityCore\build\src\server\modules\Playerbot\playerbot.vcxproj]
      C:\TrinityBots\TrinityCore\src\modules\Playerbot\Interaction\Core\InteractionTypes.h(431,38):
      Siehe Deklaration von "Playerbot::Player"
  
C:\TrinityBots\TrinityCore\src\modules\Playerbot\Interaction\Core\InteractionManager.cpp(236,24): error C3861: "DetectNPCType": Bezeichner wurde nicht gefunden. [C:\TrinityBots\TrinityCore\build\src\server\modules\Playerbot\playerbot.vcxproj]
C:\TrinityBots\TrinityCore\src\modules\Playerbot\Interaction\Core\InteractionManager.cpp(256,14): error C2065: "m_validator": nichtdeklarierter Bezeichner [C:\TrinityBots\TrinityCore\build\src\server\modules\Playerbot\playerbot.vcxproj]
C:\TrinityBots\TrinityCore\src\modules\Playerbot\Interaction\Core\InteractionManager.cpp(260,14): error C3861: "IsInInteractionRange": Bezeichner wurde nicht gefunden. [C:\TrinityBots\TrinityCore\build\src\server\modules\Playerbot\playerbot.vcxproj]
C:\TrinityBots\TrinityCore\src\modules\Playerbot\Interaction\Core\InteractionManager.cpp(262,18): error C3861: "MoveToInteractionRange": Bezeichner wurde nicht gefunden. [C:\TrinityBots\TrinityCore\build\src\server\modules\Playerbot\playerbot.vcxproj]
C:\TrinityBots\TrinityCore\src\modules\Playerbot\Interaction\Core\InteractionManager.cpp(268,28): error C2027: Verwendung des undefinierten Typs "Playerbot::Player" [C:\TrinityBots\TrinityCore\build\src\server\modules\Playerbot\playerbot.vcxproj]
      C:\TrinityBots\TrinityCore\src\modules\Playerbot\Interaction\Core\InteractionTypes.h(431,38):
      Siehe Deklaration von "Playerbot::Player"
  
C:\TrinityBots\TrinityCore\src\modules\Playerbot\Interaction\Core\InteractionManager.cpp(279,36): error C2065: "m_gossipHandler": nichtdeklarierter Bezeichner [C:\TrinityBots\TrinityCore\build\src\server\modules\Playerbot\playerbot.vcxproj]
C:\TrinityBots\TrinityCore\src\modules\Playerbot\Interaction\Core\InteractionManager.cpp(282,39): error C2065: "m_gossipHandler": nichtdeklarierter Bezeichner [C:\TrinityBots\TrinityCore\build\src\server\modules\Playerbot\playerbot.vcxproj]
C:\TrinityBots\TrinityCore\src\modules\Playerbot\Interaction\Core\InteractionManager.cpp(287,9): error C2065: "m_activeInteractions": nichtdeklarierter Bezeichner [C:\TrinityBots\TrinityCore\build\src\server\modules\Playerbot\playerbot.vcxproj]
C:\TrinityBots\TrinityCore\src\modules\Playerbot\Interaction\Core\InteractionManager.cpp(287,30): error C2027: Verwendung des undefinierten Typs "Playerbot::Player" [C:\TrinityBots\TrinityCore\build\src\server\modules\Playerbot\playerbot.vcxproj]
      C:\TrinityBots\TrinityCore\src\modules\Playerbot\Interaction\Core\InteractionTypes.h(431,38):
      Siehe Deklaration von "Playerbot::Player"
  
C:\TrinityBots\TrinityCore\src\modules\Playerbot\Interaction\Core\InteractionManager.cpp(287,44): error C7732: Es wurde ein Ausdruck vor "]" erwartet. [C:\TrinityBots\TrinityCore\build\src\server\modules\Playerbot\playerbot.vcxproj]
C:\TrinityBots\TrinityCore\src\modules\Playerbot\Interaction\Core\InteractionManager.cpp(290,11): error C2065: "m_totalInteractionsStarted": nichtdeklarierter Bezeichner [C:\TrinityBots\TrinityCore\build\src\server\modules\Playerbot\playerbot.vcxproj]
C:\TrinityBots\TrinityCore\src\modules\Playerbot\Interaction\Core\InteractionManager.cpp(291,9): error C2065: "m_lastInteractionTime": nichtdeklarierter Bezeichner [C:\TrinityBots\TrinityCore\build\src\server\modules\Playerbot\playerbot.vcxproj]
C:\TrinityBots\TrinityCore\src\modules\Playerbot\Interaction\Core\InteractionManager.cpp(291,31): error C2027: Verwendung des undefinierten Typs "Playerbot::Player" [C:\TrinityBots\TrinityCore\build\src\server\modules\Playerbot\playerbot.vcxproj]
      C:\TrinityBots\TrinityCore\src\modules\Playerbot\Interaction\Core\InteractionTypes.h(431,38):
      Siehe Deklaration von "Playerbot::Player"
  
C:\TrinityBots\TrinityCore\src\modules\Playerbot\Interaction\Core\InteractionManager.cpp(291,31): error C1003: Mehr als 100 Fehler gefunden; Kompilierung wird abgebrochen. [C:\TrinityBots\TrinityCore\build\src\server\modules\Playerbot\playerbot.vcxproj]
C:\TrinityBots\TrinityCore\src\modules\Playerbot\AI\Strategy\Strategy.h(65,34): warning C4100: „ai“: nicht referenzierter Parameter [C:\TrinityBots\TrinityCore\build\src\server\modules\Playerbot\playerbot.vcxproj]
  (Quelldatei „../../../../../src/modules/Playerbot/Quest/QuestTurnIn.cpp“ wird kompiliert)
  
C:\TrinityBots\TrinityCore\src\modules\Playerbot\AI\Strategy\Strategy.h(86,36): warning C4100: „ai“: nicht referenzierter Parameter [C:\TrinityBots\TrinityCore\build\src\server\modules\Playerbot\playerbot.vcxproj]
  (Quelldatei „../../../../../src/modules/Playerbot/Quest/QuestTurnIn.cpp“ wird kompiliert)
  
C:\TrinityBots\TrinityCore\src\modules\Playerbot\AI\Strategy\Strategy.h(87,38): warning C4100: „ai“: nicht referenzierter Parameter [C:\TrinityBots\TrinityCore\build\src\server\modules\Playerbot\playerbot.vcxproj]
  (Quelldatei „../../../../../src/modules/Playerbot/Quest/QuestTurnIn.cpp“ wird kompiliert)
  
C:\TrinityBots\TrinityCore\src\modules\Playerbot\AI\Strategy\Strategy.h(93,51): warning C4100: „diff“: nicht referenzierter Parameter [C:\TrinityBots\TrinityCore\build\src\server\modules\Playerbot\playerbot.vcxproj]
  (Quelldatei „../../../../../src/modules/Playerbot/Quest/QuestTurnIn.cpp“ wird kompiliert)
  
C:\TrinityBots\TrinityCore\src\modules\Playerbot\AI\Strategy\Strategy.h(93,40): warning C4100: „ai“: nicht referenzierter Parameter [C:\TrinityBots\TrinityCore\build\src\server\modules\Playerbot\playerbot.vcxproj]
  (Quelldatei „../../../../../src/modules/Playerbot/Quest/QuestTurnIn.cpp“ wird kompiliert)
  
C:\TrinityBots\TrinityCore\src\modules\Playerbot\AI\Actions\Action.h(80,34): warning C4100: „ai“: nicht referenzierter Parameter [C:\TrinityBots\TrinityCore\build\src\server\modules\Playerbot\playerbot.vcxproj]
  (Quelldatei „../../../../../src/modules/Playerbot/Quest/QuestCompletion.cpp“ wird kompiliert)
  
C:\TrinityBots\TrinityCore\src\modules\Playerbot\AI\Actions\Action.h(102,29): warning C4100: „cooldownMs“: nicht referenzierter Parameter [C:\TrinityBots\TrinityCore\build\src\server\modules\Playerbot\playerbot.vcxproj]
  (Quelldatei „../../../../../src/modules/Playerbot/Quest/QuestCompletion.cpp“ wird kompiliert)
  
C:\TrinityBots\TrinityCore\src\modules\Playerbot\AI\Actions\Action.h(163,36): warning C4100: „ai“: nicht referenzierter Parameter [C:\TrinityBots\TrinityCore\build\src\server\modules\Playerbot\playerbot.vcxproj]
  (Quelldatei „../../../../../src/modules/Playerbot/Quest/QuestCompletion.cpp“ wird kompiliert)
  
C:\TrinityBots\TrinityCore\src\modules\Playerbot\AI\BotAI.h(106,40): warning C4100: „diff“: nicht referenzierter Parameter [C:\TrinityBots\TrinityCore\build\src\server\modules\Playerbot\playerbot.vcxproj]
  (Quelldatei „../../../../../src/modules/Playerbot/Quest/QuestTurnIn.cpp“ wird kompiliert)
  
C:\TrinityBots\TrinityCore\src\modules\Playerbot\AI\Triggers\Trigger.h(82,43): warning C4100: „ai“: nicht referenzierter Parameter [C:\TrinityBots\TrinityCore\build\src\server\modules\Playerbot\playerbot.vcxproj]
  (Quelldatei „../../../../../src/modules/Playerbot/Quest/QuestCompletion.cpp“ wird kompiliert)
  
C:\TrinityBots\TrinityCore\src\modules\Playerbot\AI\BotAI.h(106,40): warning C4100: „diff“: nicht referenzierter Parameter [C:\TrinityBots\TrinityCore\build\src\server\modules\Playerbot\playerbot.vcxproj]
  (Quelldatei „../../../../../src/modules/Playerbot/Quest/QuestCompletion.cpp“ wird kompiliert)
  
C:\TrinityBots\TrinityCore\src\modules\Playerbot\Movement\Core\MovementTypes.h(253,12): error C2011: "Playerbot::FormationPosition": "struct" Typneudefinition [C:\TrinityBots\TrinityCore\build\src\server\modules\Playerbot\playerbot.vcxproj]
  (Quelldatei „../../../../../src/modules/Playerbot/Quest/QuestCompletion.cpp“ wird kompiliert)
      C:\TrinityBots\TrinityCore\src\modules\Playerbot\Movement\LeaderFollowBehavior.h(62,8):
      Siehe Deklaration von "Playerbot::FormationPosition"
  
C:\TrinityBots\TrinityCore\src\modules\Playerbot\Quest\QuestTurnIn.cpp(1004,33): warning C4100: „diff“: nicht referenzierter Parameter [C:\TrinityBots\TrinityCore\build\src\server\modules\Playerbot\playerbot.vcxproj]
C:\TrinityBots\TrinityCore\src\modules\Playerbot\Quest\QuestTurnIn.cpp(1201,99): warning C4100: „bot“: nicht referenzierter Parameter [C:\TrinityBots\TrinityCore\build\src\server\modules\Playerbot\playerbot.vcxproj]
C:\TrinityBots\TrinityCore\src\modules\Playerbot\Quest\QuestTurnIn.cpp(1257,105): warning C4100: „bot“: nicht referenzierter Parameter [C:\TrinityBots\TrinityCore\build\src\server\modules\Playerbot\playerbot.vcxproj]
