MSBuild-Version 17.14.18+a338add32 für .NET Framework
MSBUILD : error MSB1008: Es darf nur ein Projekt angegeben werden.
    Vollständige Befehlszeile: „"C:\Program Files\Microsoft Visual Studio\2022\Enterprise\MSBuild\Current\Bin\MSBuild.exe" TrinityCore.sln p:Configuration=RelWithDebInfo p:Platform=x64 /target:worldserver "C:/Program Files/Git/maxcpucount" /verbosity:minimal "C:/Program Files/Git/nologo"“
  Switches, die von Antwortdateien angefügt werden:
„“ stammt aus „C:\Program Files\Microsoft Visual Studio\2022\Enterprise\MSBuild\Current\Bin\MSBuild.rsp“
Schalter: p:Configuration=RelWithDebInfo

Informationen zur Schaltersyntax erhalten Sie, wenn Sie "MSBuild -help" eingeben.
