C:/TrinityBots/TrinityCore/worldserver_nullcheck.exe: error while loading shared libraries: openssl_ed25519.dll: cannot open shared object file: No such file or directory
